// Jest Snapshot v1, https://jestjs.io/docs/snapshot-testing

exports[`Skill Posture (b) Partition into writeCapable and readOnly sets snapshots the writeCapable set to a committed list 1`] = `
[
  "accessibility-auditor",
  "agent-optimizer",
  "changelog-generator",
  "clean-code",
  "code-review-checklist",
  "codebase-onboarding-intelligence",
  "competitive-analysis",
  "design-system-review",
  "dev-team-orchestrator",
  "dev-team-sub-max",
  "dev-team-sub-pro",
  "feature-design-assistant",
  "feature-orchestrator",
  "knowledge-manager",
  "mission-control",
  "planning-expert",
  "planning-expert-quick",
  "pr-automator",
  "product-strategist",
  "qa-handover-generator",
  "reflexion-loop",
  "reflexion-loop-sub-max",
  "reflexion-loop-sub-pro",
  "technical-debt-auditor",
  "vertical-slice-decomposer",
  "visual-verifier",
  "weekly-leadership-report",
]
`;
